  % Total    % Received % Xferd  Average Speed   Time    Time     Time  Current
                                 Dload  Upload   Total   Spent    Left  Speed
  0     0    0     0    0     0      0      0 --:--:-- --:--:-- --:--:--     0  0     0    0     0    0     0      0      0 --:--:-- --:--:-- --:--:--     0100   112  100   112    0     0    229      0 --:--:-- --:--:-- --:--:--   228
[{"name":"Italy","alpha2Code":"IT","capital":"Rome","currencies":[{"code":"EUR","name":"Euro","symbol":"€"}]}]